⟐ injected env (6) from .env
spawn belief-mechanic-ch01
spawn voice-emotion-ch01
spawn reader-journey-ch01
spawn chapter-comparison-ch01
spawn belief-mechanic-ch02
spawn voice-emotion-ch02
spawn reader-journey-ch02
spawn chapter-comparison-ch02
spawn belief-mechanic-ch03
spawn voice-emotion-ch03
spawn reader-journey-ch03
spawn chapter-comparison-ch03
spawn belief-mechanic-ch04
spawn voice-emotion-ch04
spawn reader-journey-ch04
spawn chapter-comparison-ch04
spawn belief-mechanic-ch05
spawn voice-emotion-ch05
spawn reader-journey-ch05
spawn chapter-comparison-ch05
spawn belief-mechanic-ch06
spawn voice-emotion-ch06
spawn reader-journey-ch06
spawn chapter-comparison-ch06
spawn belief-mechanic-ch07
spawn voice-emotion-ch07
spawn reader-journey-ch07
spawn chapter-comparison-ch07
spawn belief-mechanic-ch08
spawn voice-emotion-ch08
spawn reader-journey-ch08
spawn chapter-comparison-ch08
spawn belief-mechanic-ch09
spawn voice-emotion-ch09
spawn reader-journey-ch09
spawn chapter-comparison-ch09
spawn belief-mechanic-ch10
spawn voice-emotion-ch10
spawn reader-journey-ch10
spawn chapter-comparison-ch10
spawn belief-mechanic-ch11
spawn voice-emotion-ch11
spawn reader-journey-ch11
spawn chapter-comparison-ch11
spawn belief-mechanic-ch12
spawn voice-emotion-ch12
spawn reader-journey-ch12
spawn chapter-comparison-ch12
spawn belief-mechanic-ch13
spawn voice-emotion-ch13
spawn reader-journey-ch13
spawn chapter-comparison-ch13
spawn belief-mechanic-ch14
spawn voice-emotion-ch14
spawn reader-journey-ch14
spawn chapter-comparison-ch14
spawn book-arc
OK loop/iterations/037/quit-smoking/replicate-a/judgments/chapter-comparison-ch01/response.md 18.9s
OK loop/iterations/037/quit-smoking/replicate-a/judgments/reader-journey-ch01/response.md 27.5s
OK loop/iterations/037/quit-smoking/replicate-a/judgments/belief-mechanic-ch01/response.md 28.3s
OK loop/iterations/037/quit-smoking/replicate-a/judgments/chapter-comparison-ch02/response.md 28.4s
OK loop/iterations/037/quit-smoking/replicate-a/judgments/belief-mechanic-ch03/response.md 28.4s
OK loop/iterations/037/quit-smoking/replicate-a/judgments/reader-journey-ch02/response.md 29.9s
OK loop/iterations/037/quit-smoking/replicate-a/judgments/belief-mechanic-ch02/response.md 32.2s
OK loop/iterations/037/quit-smoking/replicate-a/judgments/voice-emotion-ch02/response.md 40.8s
OK loop/iterations/037/quit-smoking/replicate-a/judgments/voice-emotion-ch03/response.md 44.6s
OK loop/iterations/037/quit-smoking/replicate-a/judgments/voice-emotion-ch01/response.md 45.5s
OK loop/iterations/037/quit-smoking/replicate-a/judgments/chapter-comparison-ch04/response.md 17.3s
OK loop/iterations/037/quit-smoking/replicate-a/judgments/reader-journey-ch03/response.md 30.4s
OK loop/iterations/037/quit-smoking/replicate-a/judgments/chapter-comparison-ch03/response.md 26.2s
OK loop/iterations/037/quit-smoking/replicate-a/judgments/reader-journey-ch04/response.md 27.4s
OK loop/iterations/037/quit-smoking/replicate-a/judgments/belief-mechanic-ch04/response.md 29.1s
OK loop/iterations/037/quit-smoking/replicate-a/judgments/belief-mechanic-ch05/response.md 27.2s
OK loop/iterations/037/quit-smoking/replicate-a/judgments/voice-emotion-ch04/response.md 33.3s
OK loop/iterations/037/quit-smoking/replicate-a/judgments/chapter-comparison-ch05/response.md 22.2s
OK loop/iterations/037/quit-smoking/replicate-a/judgments/voice-emotion-ch05/response.md 30.6s
OK loop/iterations/037/quit-smoking/replicate-a/judgments/chapter-comparison-ch06/response.md 16.7s
OK loop/iterations/037/quit-smoking/replicate-a/judgments/reader-journey-ch05/response.md 28.3s
OK loop/iterations/037/quit-smoking/replicate-a/judgments/belief-mechanic-ch06/response.md 31.4s
OK loop/iterations/037/quit-smoking/replicate-a/judgments/reader-journey-ch06/response.md 28.4s
OK loop/iterations/037/quit-smoking/replicate-a/judgments/belief-mechanic-ch07/response.md 26.6s
OK loop/iterations/037/quit-smoking/replicate-a/judgments/voice-emotion-ch06/response.md 36.9s
OK loop/iterations/037/quit-smoking/replicate-a/judgments/chapter-comparison-ch07/response.md 25.3s
OK loop/iterations/037/quit-smoking/replicate-a/judgments/reader-journey-ch07/response.md 31.7s
OK loop/iterations/037/quit-smoking/replicate-a/judgments/voice-emotion-ch07/response.md 37.6s
OK loop/iterations/037/quit-smoking/replicate-a/judgments/belief-mechanic-ch08/response.md 33.0s
OK loop/iterations/037/quit-smoking/replicate-a/judgments/reader-journey-ch08/response.md 31.7s
OK loop/iterations/037/quit-smoking/replicate-a/judgments/voice-emotion-ch08/response.md 35.4s
OK loop/iterations/037/quit-smoking/replicate-a/judgments/belief-mechanic-ch09/response.md 30.9s
OK loop/iterations/037/quit-smoking/replicate-a/judgments/reader-journey-ch09/response.md 27.7s
OK loop/iterations/037/quit-smoking/replicate-a/judgments/chapter-comparison-ch09/response.md 21.5s
OK loop/iterations/037/quit-smoking/replicate-a/judgments/belief-mechanic-ch10/response.md 30.8s
OK loop/iterations/037/quit-smoking/replicate-a/judgments/voice-emotion-ch09/response.md 41.4s
OK loop/iterations/037/quit-smoking/replicate-a/judgments/chapter-comparison-ch10/response.md 21.4s
OK loop/iterations/037/quit-smoking/replicate-a/judgments/chapter-comparison-ch11/response.md 15.6s
OK loop/iterations/037/quit-smoking/replicate-a/judgments/belief-mechanic-ch11/response.md 23.2s
OK loop/iterations/037/quit-smoking/replicate-a/judgments/reader-journey-ch10/response.md 29.0s
OK loop/iterations/037/quit-smoking/replicate-a/judgments/voice-emotion-ch10/response.md 42.7s
OK loop/iterations/037/quit-smoking/replicate-a/judgments/reader-journey-ch11/response.md 30.8s
OK loop/iterations/037/quit-smoking/replicate-a/judgments/chapter-comparison-ch12/response.md 19.3s
OK loop/iterations/037/quit-smoking/replicate-a/judgments/reader-journey-ch12/response.md 26.9s
OK loop/iterations/037/quit-smoking/replicate-a/judgments/belief-mechanic-ch12/response.md 29.2s
OK loop/iterations/037/quit-smoking/replicate-a/judgments/voice-emotion-ch11/response.md 41.4s
OK loop/iterations/037/quit-smoking/replicate-a/judgments/belief-mechanic-ch13/response.md 33.2s
OK loop/iterations/037/quit-smoking/replicate-a/judgments/voice-emotion-ch13/response.md 31.5s
OK loop/iterations/037/quit-smoking/replicate-a/judgments/voice-emotion-ch12/response.md 40.7s
OK loop/iterations/037/quit-smoking/replicate-a/judgments/reader-journey-ch13/response.md 29.2s
OK loop/iterations/037/quit-smoking/replicate-a/judgments/chapter-comparison-ch13/response.md 27.4s
OK loop/iterations/037/quit-smoking/replicate-a/judgments/reader-journey-ch14/response.md 21.2s
OK loop/iterations/037/quit-smoking/replicate-a/judgments/belief-mechanic-ch14/response.md 27.5s
OK loop/iterations/037/quit-smoking/replicate-a/judgments/chapter-comparison-ch14/response.md 28.9s
OK loop/iterations/037/quit-smoking/replicate-a/judgments/voice-emotion-ch14/response.md 45.7s
OK loop/iterations/037/quit-smoking/replicate-a/judgments/book-arc/response.md 53.6s
OK loop/iterations/037/quit-smoking/replicate-a/judgments/chapter-comparison-ch08/response.md 228.8s
PANEL DONE
