⟐ injected env (6) from .env
spawn belief-mechanic-ch01
spawn voice-emotion-ch01
spawn reader-journey-ch01
spawn chapter-comparison-ch01
spawn belief-mechanic-ch02
spawn voice-emotion-ch02
spawn reader-journey-ch02
spawn chapter-comparison-ch02
spawn belief-mechanic-ch03
spawn voice-emotion-ch03
spawn reader-journey-ch03
spawn chapter-comparison-ch03
spawn belief-mechanic-ch04
spawn voice-emotion-ch04
spawn reader-journey-ch04
spawn chapter-comparison-ch04
spawn belief-mechanic-ch05
spawn voice-emotion-ch05
spawn reader-journey-ch05
spawn chapter-comparison-ch05
spawn belief-mechanic-ch06
spawn voice-emotion-ch06
spawn reader-journey-ch06
spawn chapter-comparison-ch06
spawn belief-mechanic-ch07
spawn voice-emotion-ch07
spawn reader-journey-ch07
spawn chapter-comparison-ch07
spawn belief-mechanic-ch08
spawn voice-emotion-ch08
spawn reader-journey-ch08
spawn chapter-comparison-ch08
spawn belief-mechanic-ch09
spawn voice-emotion-ch09
spawn reader-journey-ch09
spawn chapter-comparison-ch09
spawn belief-mechanic-ch10
spawn voice-emotion-ch10
spawn reader-journey-ch10
spawn chapter-comparison-ch10
spawn belief-mechanic-ch11
spawn voice-emotion-ch11
spawn reader-journey-ch11
spawn chapter-comparison-ch11
spawn belief-mechanic-ch12
spawn voice-emotion-ch12
spawn reader-journey-ch12
spawn chapter-comparison-ch12
spawn belief-mechanic-ch13
spawn voice-emotion-ch13
spawn reader-journey-ch13
spawn chapter-comparison-ch13
spawn book-arc
OK loop/iterations/039/quit-sugar/replicate-a/judgments/chapter-comparison-ch02/response.md 16.6s
OK loop/iterations/039/quit-sugar/replicate-a/judgments/belief-mechanic-ch01/response.md 26.8s
OK loop/iterations/039/quit-sugar/replicate-a/judgments/reader-journey-ch01/response.md 29.2s
OK loop/iterations/039/quit-sugar/replicate-a/judgments/chapter-comparison-ch01/response.md 30.3s
OK loop/iterations/039/quit-sugar/replicate-a/judgments/voice-emotion-ch02/response.md 31.5s
OK loop/iterations/039/quit-sugar/replicate-a/judgments/belief-mechanic-ch03/response.md 33.1s
OK loop/iterations/039/quit-sugar/replicate-a/judgments/reader-journey-ch02/response.md 33.5s
OK loop/iterations/039/quit-sugar/replicate-a/judgments/voice-emotion-ch03/response.md 34.8s
OK loop/iterations/039/quit-sugar/replicate-a/judgments/belief-mechanic-ch02/response.md 35.8s
OK loop/iterations/039/quit-sugar/replicate-a/judgments/voice-emotion-ch01/response.md 40.4s
OK loop/iterations/039/quit-sugar/replicate-a/judgments/reader-journey-ch03/response.md 27.6s
OK loop/iterations/039/quit-sugar/replicate-a/judgments/belief-mechanic-ch04/response.md 22.1s
OK loop/iterations/039/quit-sugar/replicate-a/judgments/chapter-comparison-ch04/response.md 23.9s
OK loop/iterations/039/quit-sugar/replicate-a/judgments/chapter-comparison-ch03/response.md 30.3s
OK loop/iterations/039/quit-sugar/replicate-a/judgments/reader-journey-ch04/response.md 26.3s
OK loop/iterations/039/quit-sugar/replicate-a/judgments/belief-mechanic-ch05/response.md 26.6s
OK loop/iterations/039/quit-sugar/replicate-a/judgments/reader-journey-ch05/response.md 26.6s
OK loop/iterations/039/quit-sugar/replicate-a/judgments/belief-mechanic-ch06/response.md 24.7s
OK loop/iterations/039/quit-sugar/replicate-a/judgments/chapter-comparison-ch05/response.md 28.7s
OK loop/iterations/039/quit-sugar/replicate-a/judgments/voice-emotion-ch04/response.md 47.4s
OK loop/iterations/039/quit-sugar/replicate-a/judgments/chapter-comparison-ch06/response.md 21.8s
OK loop/iterations/039/quit-sugar/replicate-a/judgments/reader-journey-ch06/response.md 31.2s
OK loop/iterations/039/quit-sugar/replicate-a/judgments/voice-emotion-ch06/response.md 40.3s
OK loop/iterations/039/quit-sugar/replicate-a/judgments/voice-emotion-ch05/response.md 60.5s
OK loop/iterations/039/quit-sugar/replicate-a/judgments/chapter-comparison-ch07/response.md 27.5s
OK loop/iterations/039/quit-sugar/replicate-a/judgments/reader-journey-ch07/response.md 38.3s
OK loop/iterations/039/quit-sugar/replicate-a/judgments/belief-mechanic-ch08/response.md 34.3s
OK loop/iterations/039/quit-sugar/replicate-a/judgments/belief-mechanic-ch07/response.md 45.9s
OK loop/iterations/039/quit-sugar/replicate-a/judgments/voice-emotion-ch07/response.md 44.5s
OK loop/iterations/039/quit-sugar/replicate-a/judgments/reader-journey-ch08/response.md 32.9s
OK loop/iterations/039/quit-sugar/replicate-a/judgments/chapter-comparison-ch08/response.md 27.0s
OK loop/iterations/039/quit-sugar/replicate-a/judgments/voice-emotion-ch08/response.md 39.7s
OK loop/iterations/039/quit-sugar/replicate-a/judgments/chapter-comparison-ch09/response.md 20.6s
OK loop/iterations/039/quit-sugar/replicate-a/judgments/belief-mechanic-ch09/response.md 33.9s
OK loop/iterations/039/quit-sugar/replicate-a/judgments/reader-journey-ch09/response.md 31.1s
OK loop/iterations/039/quit-sugar/replicate-a/judgments/belief-mechanic-ch10/response.md 25.6s
OK loop/iterations/039/quit-sugar/replicate-a/judgments/reader-journey-ch10/response.md 31.2s
OK loop/iterations/039/quit-sugar/replicate-a/judgments/chapter-comparison-ch10/response.md 27.7s
OK loop/iterations/039/quit-sugar/replicate-a/judgments/voice-emotion-ch09/response.md 44.7s
OK loop/iterations/039/quit-sugar/replicate-a/judgments/belief-mechanic-ch11/response.md 28.3s
OK loop/iterations/039/quit-sugar/replicate-a/judgments/chapter-comparison-ch11/response.md 21.2s
OK loop/iterations/039/quit-sugar/replicate-a/judgments/voice-emotion-ch10/response.md 47.0s
OK loop/iterations/039/quit-sugar/replicate-a/judgments/reader-journey-ch11/response.md 30.3s
OK loop/iterations/039/quit-sugar/replicate-a/judgments/voice-emotion-ch11/response.md 40.0s
OK loop/iterations/039/quit-sugar/replicate-a/judgments/belief-mechanic-ch12/response.md 31.3s
OK loop/iterations/039/quit-sugar/replicate-a/judgments/chapter-comparison-ch12/response.md 20.8s
OK loop/iterations/039/quit-sugar/replicate-a/judgments/voice-emotion-ch12/response.md 35.0s
OK loop/iterations/039/quit-sugar/replicate-a/judgments/reader-journey-ch12/response.md 32.7s
OK loop/iterations/039/quit-sugar/replicate-a/judgments/belief-mechanic-ch13/response.md 31.3s
OK loop/iterations/039/quit-sugar/replicate-a/judgments/chapter-comparison-ch13/response.md 22.3s
OK loop/iterations/039/quit-sugar/replicate-a/judgments/voice-emotion-ch13/response.md 29.5s
OK loop/iterations/039/quit-sugar/replicate-a/judgments/reader-journey-ch13/response.md 31.2s
OK loop/iterations/039/quit-sugar/replicate-a/judgments/book-arc/response.md 42.7s
PANEL DONE
