⟐ injected env (5) from .env
[0m
> factory · muse-spark-1.3-contributor
[0m
[91m[1mError: [0mThis model collects data used to improve its quality and requires explicit opt in: https://opencode.ai/workspace/wrk_01KRC19TN7VP7E31M3WHSZ81AC/go
☠ Command failed with exit code 1: /usr/bin/env ITER=036 REPLICATE=a SLUG=quit-smoking BC_REPO=/home/kab/Belief-changer opencode run --dir /home/kab/Belief-changer --agent factory --model opencode-go/muse-spark-1.3-contributor --variant xhigh --auto --title factory 036 quit-smoking Read prompts/factory-orchestrator.md. SLUG=quit-smoking ITER=036 REPLICATE=a. Research is on disk. The accepted plan is already at production-books/quit-smoking/master-plan.md. Hypothesis changed only the chapter reviewer — skip the plan loop; do not rewrite the plan. Run chapter loops until FACTORY DONE. Write into loop/iterations/036/quit-smoking/replicate-a/. If you cannot spawn Muse chapter roles, start write_replicate.py ONCE with ITER=036 SLUG=quit-smoking REPLICATE=a BC_REPO=/home/kab/Belief-changer and wait for process exit. Print FACTORY DONE slug=quit-smoking and stop. Do not judge. Do not start quit-sugar.
⟐ injected env (5) from .env
OK chapter-01 draft=3148w final=3112w budget=3500 ACCEPT rounds=2 opencode-go
OK chapter-02 draft=2194w final=4050w budget=4000 ACCEPT rounds=2 opencode-go
OK chapter-03 draft=2542w final=3860w budget=4500 ACCEPT rounds=3 opencode-go
OK chapter-04 draft=2340w final=3815w budget=4500 CAP rounds=3 opencode-go
OK chapter-05 draft=1381w final=5022w budget=5000 ACCEPT rounds=2 opencode-go
OK chapter-06 draft=2404w final=4168w budget=4500 ACCEPT rounds=2 opencode-go
OK chapter-07 draft=1782w final=4893w budget=4500 CAP rounds=3 opencode-go
OK chapter-08 draft=1777w final=3816w budget=4000 ACCEPT rounds=3 opencode-go
OK chapter-09 draft=3615w final=4117w budget=4500 CAP rounds=3 opencode-go
OK chapter-10 draft=2974w final=3418w budget=4000 ACCEPT rounds=2 opencode-go
OK chapter-11 draft=2050w final=3095w budget=3500 ACCEPT rounds=3 opencode-go
OK chapter-12 draft=1428w final=3419w budget=4000 ACCEPT rounds=3 opencode-go
OK chapter-13 draft=1543w final=3608w budget=4500 CAP rounds=3 opencode-go
OK chapter-14 draft=1271w final=3820w budget=5000 CAP rounds=3 opencode-go
FACTORY DONE slug=quit-smoking chapters=14
