⟐ injected env (5) from .env
spawn belief-mechanic-ch01
spawn voice-emotion-ch01
spawn reader-journey-ch01
spawn chapter-comparison-ch01
spawn belief-mechanic-ch02
spawn voice-emotion-ch02
spawn reader-journey-ch02
spawn chapter-comparison-ch02
spawn belief-mechanic-ch03
spawn voice-emotion-ch03
spawn reader-journey-ch03
spawn chapter-comparison-ch03
spawn belief-mechanic-ch04
spawn voice-emotion-ch04
spawn reader-journey-ch04
spawn chapter-comparison-ch04
spawn belief-mechanic-ch05
spawn voice-emotion-ch05
spawn reader-journey-ch05
spawn chapter-comparison-ch05
spawn belief-mechanic-ch06
spawn voice-emotion-ch06
spawn reader-journey-ch06
spawn chapter-comparison-ch06
spawn belief-mechanic-ch07
spawn voice-emotion-ch07
spawn reader-journey-ch07
spawn chapter-comparison-ch07
spawn belief-mechanic-ch08
spawn voice-emotion-ch08
spawn reader-journey-ch08
spawn chapter-comparison-ch08
spawn belief-mechanic-ch09
spawn voice-emotion-ch09
spawn reader-journey-ch09
spawn chapter-comparison-ch09
spawn belief-mechanic-ch10
spawn voice-emotion-ch10
spawn reader-journey-ch10
spawn chapter-comparison-ch10
spawn belief-mechanic-ch11
spawn voice-emotion-ch11
spawn reader-journey-ch11
spawn chapter-comparison-ch11
spawn belief-mechanic-ch12
spawn voice-emotion-ch12
spawn reader-journey-ch12
spawn chapter-comparison-ch12
spawn belief-mechanic-ch13
spawn voice-emotion-ch13
spawn reader-journey-ch13
spawn chapter-comparison-ch13
spawn belief-mechanic-ch14
spawn voice-emotion-ch14
spawn reader-journey-ch14
spawn chapter-comparison-ch14
spawn book-arc
OK loop/iterations/036/quit-smoking/replicate-a/judgments/chapter-comparison-ch02/response.md 23.3s
OK loop/iterations/036/quit-smoking/replicate-a/judgments/belief-mechanic-ch01/response.md 26.6s
OK loop/iterations/036/quit-smoking/replicate-a/judgments/belief-mechanic-ch02/response.md 29.0s
OK loop/iterations/036/quit-smoking/replicate-a/judgments/reader-journey-ch02/response.md 31.5s
OK loop/iterations/036/quit-smoking/replicate-a/judgments/chapter-comparison-ch01/response.md 33.0s
OK loop/iterations/036/quit-smoking/replicate-a/judgments/belief-mechanic-ch03/response.md 35.2s
OK loop/iterations/036/quit-smoking/replicate-a/judgments/voice-emotion-ch02/response.md 37.9s
OK loop/iterations/036/quit-smoking/replicate-a/judgments/reader-journey-ch01/response.md 39.9s
OK loop/iterations/036/quit-smoking/replicate-a/judgments/voice-emotion-ch03/response.md 42.1s
OK loop/iterations/036/quit-smoking/replicate-a/judgments/voice-emotion-ch01/response.md 51.2s
OK loop/iterations/036/quit-smoking/replicate-a/judgments/chapter-comparison-ch03/response.md 27.1s
OK loop/iterations/036/quit-smoking/replicate-a/judgments/belief-mechanic-ch04/response.md 25.6s
OK loop/iterations/036/quit-smoking/replicate-a/judgments/reader-journey-ch03/response.md 32.5s
OK loop/iterations/036/quit-smoking/replicate-a/judgments/chapter-comparison-ch04/response.md 21.7s
OK loop/iterations/036/quit-smoking/replicate-a/judgments/voice-emotion-ch04/response.md 33.4s
OK loop/iterations/036/quit-smoking/replicate-a/judgments/reader-journey-ch04/response.md 32.6s
OK loop/iterations/036/quit-smoking/replicate-a/judgments/belief-mechanic-ch05/response.md 31.5s
OK loop/iterations/036/quit-smoking/replicate-a/judgments/reader-journey-ch05/response.md 28.7s
OK loop/iterations/036/quit-smoking/replicate-a/judgments/reader-journey-ch06/response.md 27.1s
OK loop/iterations/036/quit-smoking/replicate-a/judgments/chapter-comparison-ch06/response.md 26.1s
OK loop/iterations/036/quit-smoking/replicate-a/judgments/chapter-comparison-ch05/response.md 33.6s
OK loop/iterations/036/quit-smoking/replicate-a/judgments/belief-mechanic-ch06/response.md 32.4s
OK loop/iterations/036/quit-smoking/replicate-a/judgments/chapter-comparison-ch07/response.md 20.6s
OK loop/iterations/036/quit-smoking/replicate-a/judgments/voice-emotion-ch05/response.md 52.6s
OK loop/iterations/036/quit-smoking/replicate-a/judgments/belief-mechanic-ch07/response.md 29.8s
OK loop/iterations/036/quit-smoking/replicate-a/judgments/reader-journey-ch07/response.md 27.1s
OK loop/iterations/036/quit-smoking/replicate-a/judgments/voice-emotion-ch07/response.md 32.6s
OK loop/iterations/036/quit-smoking/replicate-a/judgments/voice-emotion-ch06/response.md 53.0s
OK loop/iterations/036/quit-smoking/replicate-a/judgments/reader-journey-ch08/response.md 33.3s
OK loop/iterations/036/quit-smoking/replicate-a/judgments/belief-mechanic-ch08/response.md 35.3s
OK loop/iterations/036/quit-smoking/replicate-a/judgments/chapter-comparison-ch09/response.md 22.6s
OK loop/iterations/036/quit-smoking/replicate-a/judgments/chapter-comparison-ch08/response.md 35.0s
OK loop/iterations/036/quit-smoking/replicate-a/judgments/belief-mechanic-ch10/response.md 23.2s
OK loop/iterations/036/quit-smoking/replicate-a/judgments/belief-mechanic-ch09/response.md 32.4s
OK loop/iterations/036/quit-smoking/replicate-a/judgments/reader-journey-ch09/response.md 30.0s
OK loop/iterations/036/quit-smoking/replicate-a/judgments/voice-emotion-ch08/response.md 43.5s
OK loop/iterations/036/quit-smoking/replicate-a/judgments/voice-emotion-ch09/response.md 37.5s
OK loop/iterations/036/quit-smoking/replicate-a/judgments/chapter-comparison-ch10/response.md 21.0s
OK loop/iterations/036/quit-smoking/replicate-a/judgments/chapter-comparison-ch11/response.md 18.6s
OK loop/iterations/036/quit-smoking/replicate-a/judgments/reader-journey-ch11/response.md 22.7s
OK loop/iterations/036/quit-smoking/replicate-a/judgments/reader-journey-ch10/response.md 26.4s
OK loop/iterations/036/quit-smoking/replicate-a/judgments/voice-emotion-ch10/response.md 40.6s
OK loop/iterations/036/quit-smoking/replicate-a/judgments/belief-mechanic-ch11/response.md 36.7s
OK loop/iterations/036/quit-smoking/replicate-a/judgments/belief-mechanic-ch12/response.md 37.4s
OK loop/iterations/036/quit-smoking/replicate-a/judgments/reader-journey-ch12/response.md 33.1s
OK loop/iterations/036/quit-smoking/replicate-a/judgments/chapter-comparison-ch12/response.md 28.1s
OK loop/iterations/036/quit-smoking/replicate-a/judgments/voice-emotion-ch12/response.md 41.2s
OK loop/iterations/036/quit-smoking/replicate-a/judgments/voice-emotion-ch11/response.md 53.2s
OK loop/iterations/036/quit-smoking/replicate-a/judgments/belief-mechanic-ch13/response.md 35.5s
OK loop/iterations/036/quit-smoking/replicate-a/judgments/chapter-comparison-ch13/response.md 33.2s
OK loop/iterations/036/quit-smoking/replicate-a/judgments/reader-journey-ch13/response.md 39.3s
OK loop/iterations/036/quit-smoking/replicate-a/judgments/voice-emotion-ch13/response.md 42.8s
OK loop/iterations/036/quit-smoking/replicate-a/judgments/reader-journey-ch14/response.md 28.1s
OK loop/iterations/036/quit-smoking/replicate-a/judgments/belief-mechanic-ch14/response.md 36.7s
OK loop/iterations/036/quit-smoking/replicate-a/judgments/chapter-comparison-ch14/response.md 31.0s
OK loop/iterations/036/quit-smoking/replicate-a/judgments/voice-emotion-ch14/response.md 43.2s
OK loop/iterations/036/quit-smoking/replicate-a/judgments/book-arc/response.md 47.7s
PANEL DONE
