⟐ injected env (4) from .env
spawn belief-mechanic-ch01
OK loop/iterations/018/replicate-b/judgments/belief-mechanic-ch01/response.md 31.1s
spawn voice-emotion-ch01
OK loop/iterations/018/replicate-b/judgments/voice-emotion-ch01/response.md 33.7s
spawn reader-journey-ch01
OK loop/iterations/018/replicate-b/judgments/reader-journey-ch01/response.md 39.1s
spawn belief-mechanic-ch02
OK loop/iterations/018/replicate-b/judgments/belief-mechanic-ch02/response.md 38.2s
spawn voice-emotion-ch02
OK loop/iterations/018/replicate-b/judgments/voice-emotion-ch02/response.md 36.5s
spawn reader-journey-ch02
OK loop/iterations/018/replicate-b/judgments/reader-journey-ch02/response.md 41.3s
spawn belief-mechanic-ch03
OK loop/iterations/018/replicate-b/judgments/belief-mechanic-ch03/response.md 40.4s
spawn voice-emotion-ch03
OK loop/iterations/018/replicate-b/judgments/voice-emotion-ch03/response.md 59.8s
spawn reader-journey-ch03
OK loop/iterations/018/replicate-b/judgments/reader-journey-ch03/response.md 41.1s
spawn belief-mechanic-ch04
OK loop/iterations/018/replicate-b/judgments/belief-mechanic-ch04/response.md 33.8s
spawn voice-emotion-ch04
OK loop/iterations/018/replicate-b/judgments/voice-emotion-ch04/response.md 47.7s
spawn reader-journey-ch04
OK loop/iterations/018/replicate-b/judgments/reader-journey-ch04/response.md 33.0s
spawn belief-mechanic-ch05
OK loop/iterations/018/replicate-b/judgments/belief-mechanic-ch05/response.md 23.9s
spawn voice-emotion-ch05
OK loop/iterations/018/replicate-b/judgments/voice-emotion-ch05/response.md 41.1s
spawn reader-journey-ch05
OK loop/iterations/018/replicate-b/judgments/reader-journey-ch05/response.md 24.1s
spawn belief-mechanic-ch06
OK loop/iterations/018/replicate-b/judgments/belief-mechanic-ch06/response.md 32.9s
spawn voice-emotion-ch06
OK loop/iterations/018/replicate-b/judgments/voice-emotion-ch06/response.md 38.0s
spawn reader-journey-ch06
OK loop/iterations/018/replicate-b/judgments/reader-journey-ch06/response.md 23.7s
spawn belief-mechanic-ch07
OK loop/iterations/018/replicate-b/judgments/belief-mechanic-ch07/response.md 33.6s
spawn voice-emotion-ch07
OK loop/iterations/018/replicate-b/judgments/voice-emotion-ch07/response.md 51.1s
spawn reader-journey-ch07
OK loop/iterations/018/replicate-b/judgments/reader-journey-ch07/response.md 33.9s
spawn belief-mechanic-ch08
OK loop/iterations/018/replicate-b/judgments/belief-mechanic-ch08/response.md 39.3s
spawn voice-emotion-ch08
OK loop/iterations/018/replicate-b/judgments/voice-emotion-ch08/response.md 49.7s
spawn reader-journey-ch08
OK loop/iterations/018/replicate-b/judgments/reader-journey-ch08/response.md 28.1s
spawn belief-mechanic-ch09
OK loop/iterations/018/replicate-b/judgments/belief-mechanic-ch09/response.md 31.1s
spawn voice-emotion-ch09
OK loop/iterations/018/replicate-b/judgments/voice-emotion-ch09/response.md 45.9s
spawn reader-journey-ch09
OK loop/iterations/018/replicate-b/judgments/reader-journey-ch09/response.md 34.5s
spawn belief-mechanic-ch10
OK loop/iterations/018/replicate-b/judgments/belief-mechanic-ch10/response.md 37.1s
spawn voice-emotion-ch10
OK loop/iterations/018/replicate-b/judgments/voice-emotion-ch10/response.md 53.5s
spawn reader-journey-ch10
OK loop/iterations/018/replicate-b/judgments/reader-journey-ch10/response.md 29.3s
spawn belief-mechanic-ch11
OK loop/iterations/018/replicate-b/judgments/belief-mechanic-ch11/response.md 36.6s
spawn voice-emotion-ch11
OK loop/iterations/018/replicate-b/judgments/voice-emotion-ch11/response.md 70.4s
spawn reader-journey-ch11
OK loop/iterations/018/replicate-b/judgments/reader-journey-ch11/response.md 29.0s
spawn belief-mechanic-ch12
OK loop/iterations/018/replicate-b/judgments/belief-mechanic-ch12/response.md 38.0s
spawn voice-emotion-ch12
OK loop/iterations/018/replicate-b/judgments/voice-emotion-ch12/response.md 43.3s
spawn reader-journey-ch12
OK loop/iterations/018/replicate-b/judgments/reader-journey-ch12/response.md 36.1s
spawn belief-mechanic-ch13
OK loop/iterations/018/replicate-b/judgments/belief-mechanic-ch13/response.md 33.5s
spawn voice-emotion-ch13
OK loop/iterations/018/replicate-b/judgments/voice-emotion-ch13/response.md 39.2s
spawn reader-journey-ch13
OK loop/iterations/018/replicate-b/judgments/reader-journey-ch13/response.md 31.4s
spawn belief-mechanic-ch14
OK loop/iterations/018/replicate-b/judgments/belief-mechanic-ch14/response.md 42.0s
spawn voice-emotion-ch14
OK loop/iterations/018/replicate-b/judgments/voice-emotion-ch14/response.md 55.7s
spawn reader-journey-ch14
OK loop/iterations/018/replicate-b/judgments/reader-journey-ch14/response.md 37.4s
spawn belief-mechanic-ch15
OK loop/iterations/018/replicate-b/judgments/belief-mechanic-ch15/response.md 27.6s
spawn voice-emotion-ch15
OK loop/iterations/018/replicate-b/judgments/voice-emotion-ch15/response.md 49.6s
spawn reader-journey-ch15
OK loop/iterations/018/replicate-b/judgments/reader-journey-ch15/response.md 39.1s
spawn book-arc
OK loop/iterations/018/replicate-b/judgments/book-arc/response.md 73.5s
