⟐ injected env (4) from .env
spawn belief-mechanic-ch01
OK loop/iterations/018/replicate-a/judgments/belief-mechanic-ch01/response.md 36.0s
spawn voice-emotion-ch01
OK loop/iterations/018/replicate-a/judgments/voice-emotion-ch01/response.md 33.7s
spawn reader-journey-ch01
OK loop/iterations/018/replicate-a/judgments/reader-journey-ch01/response.md 38.0s
spawn belief-mechanic-ch02
OK loop/iterations/018/replicate-a/judgments/belief-mechanic-ch02/response.md 44.4s
spawn voice-emotion-ch02
OK loop/iterations/018/replicate-a/judgments/voice-emotion-ch02/response.md 39.2s
spawn reader-journey-ch02
OK loop/iterations/018/replicate-a/judgments/reader-journey-ch02/response.md 28.1s
spawn belief-mechanic-ch03
OK loop/iterations/018/replicate-a/judgments/belief-mechanic-ch03/response.md 100.0s
spawn voice-emotion-ch03
OK loop/iterations/018/replicate-a/judgments/voice-emotion-ch03/response.md 43.0s
spawn reader-journey-ch03
OK loop/iterations/018/replicate-a/judgments/reader-journey-ch03/response.md 40.6s
spawn belief-mechanic-ch04
OK loop/iterations/018/replicate-a/judgments/belief-mechanic-ch04/response.md 31.4s
spawn voice-emotion-ch04
OK loop/iterations/018/replicate-a/judgments/voice-emotion-ch04/response.md 37.1s
spawn reader-journey-ch04
OK loop/iterations/018/replicate-a/judgments/reader-journey-ch04/response.md 30.5s
spawn belief-mechanic-ch05
OK loop/iterations/018/replicate-a/judgments/belief-mechanic-ch05/response.md 25.8s
spawn voice-emotion-ch05
OK loop/iterations/018/replicate-a/judgments/voice-emotion-ch05/response.md 97.2s
spawn reader-journey-ch05
OK loop/iterations/018/replicate-a/judgments/reader-journey-ch05/response.md 26.6s
spawn belief-mechanic-ch06
OK loop/iterations/018/replicate-a/judgments/belief-mechanic-ch06/response.md 40.0s
spawn voice-emotion-ch06
OK loop/iterations/018/replicate-a/judgments/voice-emotion-ch06/response.md 36.7s
spawn reader-journey-ch06
OK loop/iterations/018/replicate-a/judgments/reader-journey-ch06/response.md 70.8s
spawn belief-mechanic-ch07
OK loop/iterations/018/replicate-a/judgments/belief-mechanic-ch07/response.md 27.6s
spawn voice-emotion-ch07
OK loop/iterations/018/replicate-a/judgments/voice-emotion-ch07/response.md 63.8s
spawn reader-journey-ch07
OK loop/iterations/018/replicate-a/judgments/reader-journey-ch07/response.md 39.4s
spawn belief-mechanic-ch08
OK loop/iterations/018/replicate-a/judgments/belief-mechanic-ch08/response.md 32.8s
spawn voice-emotion-ch08
OK loop/iterations/018/replicate-a/judgments/voice-emotion-ch08/response.md 36.5s
spawn reader-journey-ch08
OK loop/iterations/018/replicate-a/judgments/reader-journey-ch08/response.md 31.5s
spawn belief-mechanic-ch09
OK loop/iterations/018/replicate-a/judgments/belief-mechanic-ch09/response.md 43.7s
spawn voice-emotion-ch09
OK loop/iterations/018/replicate-a/judgments/voice-emotion-ch09/response.md 81.2s
spawn reader-journey-ch09
OK loop/iterations/018/replicate-a/judgments/reader-journey-ch09/response.md 29.6s
spawn belief-mechanic-ch10
OK loop/iterations/018/replicate-a/judgments/belief-mechanic-ch10/response.md 36.7s
spawn voice-emotion-ch10
OK loop/iterations/018/replicate-a/judgments/voice-emotion-ch10/response.md 59.9s
spawn reader-journey-ch10
OK loop/iterations/018/replicate-a/judgments/reader-journey-ch10/response.md 31.2s
spawn belief-mechanic-ch11
OK loop/iterations/018/replicate-a/judgments/belief-mechanic-ch11/response.md 30.5s
spawn voice-emotion-ch11
OK loop/iterations/018/replicate-a/judgments/voice-emotion-ch11/response.md 55.6s
spawn reader-journey-ch11
OK loop/iterations/018/replicate-a/judgments/reader-journey-ch11/response.md 30.0s
spawn belief-mechanic-ch12
OK loop/iterations/018/replicate-a/judgments/belief-mechanic-ch12/response.md 29.6s
spawn voice-emotion-ch12
OK loop/iterations/018/replicate-a/judgments/voice-emotion-ch12/response.md 39.6s
spawn reader-journey-ch12
OK loop/iterations/018/replicate-a/judgments/reader-journey-ch12/response.md 78.9s
spawn belief-mechanic-ch13
OK loop/iterations/018/replicate-a/judgments/belief-mechanic-ch13/response.md 38.1s
spawn voice-emotion-ch13
OK loop/iterations/018/replicate-a/judgments/voice-emotion-ch13/response.md 42.4s
spawn reader-journey-ch13
OK loop/iterations/018/replicate-a/judgments/reader-journey-ch13/response.md 36.7s
spawn belief-mechanic-ch14
OK loop/iterations/018/replicate-a/judgments/belief-mechanic-ch14/response.md 45.4s
spawn voice-emotion-ch14
OK loop/iterations/018/replicate-a/judgments/voice-emotion-ch14/response.md 46.3s
spawn reader-journey-ch14
OK loop/iterations/018/replicate-a/judgments/reader-journey-ch14/response.md 28.1s
spawn belief-mechanic-ch15
OK loop/iterations/018/replicate-a/judgments/belief-mechanic-ch15/response.md 34.7s
spawn voice-emotion-ch15
OK loop/iterations/018/replicate-a/judgments/voice-emotion-ch15/response.md 47.0s
spawn reader-journey-ch15
OK loop/iterations/018/replicate-a/judgments/reader-journey-ch15/response.md 31.3s
spawn book-arc
OK loop/iterations/018/replicate-a/judgments/book-arc/response.md 65.6s
