⟐ injected env (4) from .env
spawn belief-mechanic-ch01
OK loop/iterations/015/replicate-b/judgments/belief-mechanic-ch01/response.md 27.7s
spawn voice-emotion-ch01
OK loop/iterations/015/replicate-b/judgments/voice-emotion-ch01/response.md 49.3s
spawn reader-journey-ch01
OK loop/iterations/015/replicate-b/judgments/reader-journey-ch01/response.md 36.0s
spawn belief-mechanic-ch02
OK loop/iterations/015/replicate-b/judgments/belief-mechanic-ch02/response.md 42.6s
spawn voice-emotion-ch02
OK loop/iterations/015/replicate-b/judgments/voice-emotion-ch02/response.md 41.2s
spawn reader-journey-ch02
OK loop/iterations/015/replicate-b/judgments/reader-journey-ch02/response.md 34.6s
spawn belief-mechanic-ch03
OK loop/iterations/015/replicate-b/judgments/belief-mechanic-ch03/response.md 27.2s
spawn voice-emotion-ch03
OK loop/iterations/015/replicate-b/judgments/voice-emotion-ch03/response.md 44.3s
spawn reader-journey-ch03
OK loop/iterations/015/replicate-b/judgments/reader-journey-ch03/response.md 24.6s
spawn belief-mechanic-ch04
OK loop/iterations/015/replicate-b/judgments/belief-mechanic-ch04/response.md 32.4s
spawn voice-emotion-ch04
OK loop/iterations/015/replicate-b/judgments/voice-emotion-ch04/response.md 47.0s
spawn reader-journey-ch04
OK loop/iterations/015/replicate-b/judgments/reader-journey-ch04/response.md 24.0s
spawn belief-mechanic-ch05
OK loop/iterations/015/replicate-b/judgments/belief-mechanic-ch05/response.md 28.3s
spawn voice-emotion-ch05
OK loop/iterations/015/replicate-b/judgments/voice-emotion-ch05/response.md 42.2s
spawn reader-journey-ch05
OK loop/iterations/015/replicate-b/judgments/reader-journey-ch05/response.md 28.4s
spawn belief-mechanic-ch06
OK loop/iterations/015/replicate-b/judgments/belief-mechanic-ch06/response.md 26.4s
spawn voice-emotion-ch06
OK loop/iterations/015/replicate-b/judgments/voice-emotion-ch06/response.md 36.5s
spawn reader-journey-ch06
OK loop/iterations/015/replicate-b/judgments/reader-journey-ch06/response.md 38.2s
spawn belief-mechanic-ch07
OK loop/iterations/015/replicate-b/judgments/belief-mechanic-ch07/response.md 32.3s
spawn voice-emotion-ch07
OK loop/iterations/015/replicate-b/judgments/voice-emotion-ch07/response.md 38.6s
spawn reader-journey-ch07
