spawn belief-mechanic-ch01
OK loop/iterations/015/replicate-a/judgments/belief-mechanic-ch01/response.md 28.6s
spawn voice-emotion-ch01
OK loop/iterations/015/replicate-a/judgments/voice-emotion-ch01/response.md 50.2s
spawn reader-journey-ch01
OK loop/iterations/015/replicate-a/judgments/reader-journey-ch01/response.md 29.2s
spawn belief-mechanic-ch02
OK loop/iterations/015/replicate-a/judgments/belief-mechanic-ch02/response.md 37.2s
spawn voice-emotion-ch02
OK loop/iterations/015/replicate-a/judgments/voice-emotion-ch02/response.md 39.1s
spawn reader-journey-ch02
OK loop/iterations/015/replicate-a/judgments/reader-journey-ch02/response.md 30.4s
spawn belief-mechanic-ch03
OK loop/iterations/015/replicate-a/judgments/belief-mechanic-ch03/response.md 34.1s
spawn voice-emotion-ch03
OK loop/iterations/015/replicate-a/judgments/voice-emotion-ch03/response.md 44.6s
spawn reader-journey-ch03
OK loop/iterations/015/replicate-a/judgments/reader-journey-ch03/response.md 60.0s
spawn belief-mechanic-ch04
OK loop/iterations/015/replicate-a/judgments/belief-mechanic-ch04/response.md 28.0s
spawn voice-emotion-ch04
OK loop/iterations/015/replicate-a/judgments/voice-emotion-ch04/response.md 35.5s
spawn reader-journey-ch04
OK loop/iterations/015/replicate-a/judgments/reader-journey-ch04/response.md 30.5s
spawn belief-mechanic-ch05
OK loop/iterations/015/replicate-a/judgments/belief-mechanic-ch05/response.md 31.8s
spawn voice-emotion-ch05
OK loop/iterations/015/replicate-a/judgments/voice-emotion-ch05/response.md 54.3s
spawn reader-journey-ch05
OK loop/iterations/015/replicate-a/judgments/reader-journey-ch05/response.md 23.3s
spawn belief-mechanic-ch06
OK loop/iterations/015/replicate-a/judgments/belief-mechanic-ch06/response.md 23.9s
spawn voice-emotion-ch06
OK loop/iterations/015/replicate-a/judgments/voice-emotion-ch06/response.md 39.3s
spawn reader-journey-ch06
OK loop/iterations/015/replicate-a/judgments/reader-journey-ch06/response.md 31.7s
spawn belief-mechanic-ch07
OK loop/iterations/015/replicate-a/judgments/belief-mechanic-ch07/response.md 33.0s
spawn voice-emotion-ch07
OK loop/iterations/015/replicate-a/judgments/voice-emotion-ch07/response.md 42.8s
spawn reader-journey-ch07
OK loop/iterations/015/replicate-a/judgments/reader-journey-ch07/response.md 31.3s
spawn belief-mechanic-ch08
OK loop/iterations/015/replicate-a/judgments/belief-mechanic-ch08/response.md 36.3s
spawn voice-emotion-ch08
OK loop/iterations/015/replicate-a/judgments/voice-emotion-ch08/response.md 28.7s
spawn reader-journey-ch08
OK loop/iterations/015/replicate-a/judgments/reader-journey-ch08/response.md 26.1s
spawn belief-mechanic-ch09
OK loop/iterations/015/replicate-a/judgments/belief-mechanic-ch09/response.md 18.7s
spawn voice-emotion-ch09
OK loop/iterations/015/replicate-a/judgments/voice-emotion-ch09/response.md 44.6s
spawn reader-journey-ch09
OK loop/iterations/015/replicate-a/judgments/reader-journey-ch09/response.md 26.4s
spawn belief-mechanic-ch10
OK loop/iterations/015/replicate-a/judgments/belief-mechanic-ch10/response.md 25.9s
spawn voice-emotion-ch10
OK loop/iterations/015/replicate-a/judgments/voice-emotion-ch10/response.md 40.7s
spawn reader-journey-ch10
OK loop/iterations/015/replicate-a/judgments/reader-journey-ch10/response.md 28.7s
spawn belief-mechanic-ch11
OK loop/iterations/015/replicate-a/judgments/belief-mechanic-ch11/response.md 35.1s
spawn voice-emotion-ch11
OK loop/iterations/015/replicate-a/judgments/voice-emotion-ch11/response.md 43.0s
spawn reader-journey-ch11
OK loop/iterations/015/replicate-a/judgments/reader-journey-ch11/response.md 34.4s
spawn belief-mechanic-ch12
OK loop/iterations/015/replicate-a/judgments/belief-mechanic-ch12/response.md 66.1s
spawn voice-emotion-ch12
OK loop/iterations/015/replicate-a/judgments/voice-emotion-ch12/response.md 58.4s
spawn reader-journey-ch12
OK loop/iterations/015/replicate-a/judgments/reader-journey-ch12/response.md 35.3s
spawn belief-mechanic-ch13
OK loop/iterations/015/replicate-a/judgments/belief-mechanic-ch13/response.md 35.1s
spawn voice-emotion-ch13
OK loop/iterations/015/replicate-a/judgments/voice-emotion-ch13/response.md 46.4s
spawn reader-journey-ch13
OK loop/iterations/015/replicate-a/judgments/reader-journey-ch13/response.md 23.6s
spawn belief-mechanic-ch14
OK loop/iterations/015/replicate-a/judgments/belief-mechanic-ch14/response.md 20.8s
spawn voice-emotion-ch14
OK loop/iterations/015/replicate-a/judgments/voice-emotion-ch14/response.md 37.9s
spawn reader-journey-ch14
OK loop/iterations/015/replicate-a/judgments/reader-journey-ch14/response.md 29.4s
spawn belief-mechanic-ch15
OK loop/iterations/015/replicate-a/judgments/belief-mechanic-ch15/response.md 32.2s
spawn voice-emotion-ch15
OK loop/iterations/015/replicate-a/judgments/voice-emotion-ch15/response.md 53.1s
spawn reader-journey-ch15
OK loop/iterations/015/replicate-a/judgments/reader-journey-ch15/response.md 29.1s
spawn belief-mechanic-ch16
OK loop/iterations/015/replicate-a/judgments/belief-mechanic-ch16/response.md 32.5s
spawn voice-emotion-ch16
OK loop/iterations/015/replicate-a/judgments/voice-emotion-ch16/response.md 32.8s
spawn reader-journey-ch16
OK loop/iterations/015/replicate-a/judgments/reader-journey-ch16/response.md 32.2s
spawn book-arc
OK loop/iterations/015/replicate-a/judgments/book-arc/response.md 43.8s
